// Jest Snapshot v1, https://goo.gl/fbAQLP

exports[`SampleToast tests renders correctly 1`] = `
<div>
  <button
    class="sampleToast"
    type="button"
  />
</div>
`;
